---
source: zellij-server/src/tab/./unit/tab_integration_tests.rs
expression: "format!(\"{}\", snapshot_after)"
---
00 (C): ┌ Pane #1 ─────────────────────────────────────────────────────────────────────────────────────────────── SCROLL:  1/33 ┐
01 (C): │Line 32                                                                                                                │
02 (C): │Line 33                                                                                                                │
03 (C): │Line 34                                                                                                                │
04 (C): │Line 35                                                                                                                │
05 (C): │Line 36                                                                                                                │
06 (C): │Line 37                                                                                                                │
07 (C): │Line 38                                                                                                                │
08 (C): │Line 39                                                                                                                │
09 (C): │Line 40                                                                                                                │
10 (C): │Line 41                                                                                                                │
11 (C): │Line 42                                                                                                                │
12 (C): │Line 43                                                                                                                │
13 (C): │Line 44                                                                                                                │
14 (C): │Line 45                                                                                                                │
15 (C): │Line 46                                                                                                                │
16 (C): │Line 47                                                                                                                │
17 (C): │Line 48                                                                                                                │
18 (C): │Line 49                                                                                                                │
19 (C): └───────────────────────────────────────────────────────────────────────────────────────────────────────────────────────┘

